1 2 Fizz 4 Buzz Fizz 7 8 Fizz Buzz 11 Fizz 31 41 FizzBuzz 61 71 Fizz 91 Buzz Fizz 22 32 Fizz Buzz 62 Fizz 82 92 FizzBuzz 13 23 Fizz 43 Buzz Fizz 73 83 Fizz Buzz 14 Fizz 34 44 FizzBuzz 64 74 Fizz 94 Buzz Fizz 25 35 Fizz Buzz 65 Fizz 85 95 FizzBuzz 16 26 Fizz 46 Buzz Fizz 76 86 Fizz Buzz 17 Fizz 37 47 FizzBuzz 67 77 Fizz 97 Buzz Fizz 28 38 Fizz Buzz 68 Fizz 88 98 FizzBuzz 19 29 Fizz 49 Buzz Fizz 79 89 Fizz Buzz 
