Payslip for Employee
---------------------
Name: Jane Doe
Tax (20%): Rp20.000.000,00
Installment: Rp1,00
Insurance: Rp1,00
Net Salary: Rp79.999.998,00
