Payslip for Employee
---------------------
Name: John Jane
Tax (20%): Rp0,00
Installment: Rp0,00
Insurance: Rp0,00
Net Salary: Rp0,00
